Reflexion run (InterCode SQL)
max_trials=3


***** Start Trial #0 *****

Task #0 Trial #0: SUCCESS (reward=1.00)
Task #1 Trial #0: SUCCESS (reward=1.00)
Task #2 Trial #0: SUCCESS (reward=1.00)
Task #3 Trial #0: SUCCESS (reward=1.00)
Task #4 Trial #0: FAIL (reward=0.00)
Task #5 Trial #0: SUCCESS (reward=1.00)
Task #6 Trial #0: SUCCESS (reward=1.00)
Task #7 Trial #0: SUCCESS (reward=1.00)
Task #8 Trial #0: SUCCESS (reward=1.00)
Task #9 Trial #0: FAIL (reward=0.00)
Task #10 Trial #0: FAIL (reward=0.00)
Task #11 Trial #0: SUCCESS (reward=1.00)
Task #12 Trial #0: FAIL (reward=0.00)
Task #13 Trial #0: FAIL (reward=0.29)
Task #14 Trial #0: FAIL (reward=-0.21)
Task #15 Trial #0: SUCCESS (reward=1.00)
Task #16 Trial #0: SUCCESS (reward=1.00)
Task #17 Trial #0: SUCCESS (reward=1.00)
Task #18 Trial #0: SUCCESS (reward=1.00)
Task #19 Trial #0: FAIL (reward=0.00)
Task #20 Trial #0: SUCCESS (reward=1.00)
Task #21 Trial #0: SUCCESS (reward=1.00)
Task #22 Trial #0: SUCCESS (reward=1.00)
Task #23 Trial #0: SUCCESS (reward=1.00)
Task #24 Trial #0: SUCCESS (reward=1.00)
Task #25 Trial #0: SUCCESS (reward=1.00)
Task #26 Trial #0: SUCCESS (reward=1.00)
Task #27 Trial #0: FAIL (reward=0.00)
Task #28 Trial #0: SUCCESS (reward=1.00)
Task #29 Trial #0: SUCCESS (reward=1.00)
Task #30 Trial #0: FAIL (reward=0.00)
Task #31 Trial #0: SUCCESS (reward=1.00)
Task #32 Trial #0: FAIL (reward=0.00)
Task #33 Trial #0: SUCCESS (reward=1.00)
Task #34 Trial #0: SUCCESS (reward=1.00)
Task #35 Trial #0: SUCCESS (reward=1.00)
Task #36 Trial #0: SUCCESS (reward=1.00)
Task #37 Trial #0: SUCCESS (reward=1.00)
Task #38 Trial #0: SUCCESS (reward=1.00)
Task #39 Trial #0: FAIL (reward=0.00)
Task #40 Trial #0: FAIL (reward=0.00)
Task #41 Trial #0: SUCCESS (reward=1.00)
Task #42 Trial #0: SUCCESS (reward=1.00)
Task #43 Trial #0: SUCCESS (reward=1.00)
Task #44 Trial #0: SUCCESS (reward=1.00)
Task #45 Trial #0: FAIL (reward=0.00)
Task #46 Trial #0: SUCCESS (reward=1.00)
Task #47 Trial #0: FAIL (reward=0.80)
Task #48 Trial #0: SUCCESS (reward=1.00)
Task #49 Trial #0: SUCCESS (reward=1.00)
Task #50 Trial #0: FAIL (reward=0.00)
Task #51 Trial #0: FAIL (reward=0.00)
Task #52 Trial #0: SUCCESS (reward=1.00)
Task #53 Trial #0: FAIL (reward=0.00)
Task #54 Trial #0: SUCCESS (reward=1.00)
Task #55 Trial #0: FAIL (reward=0.00)
Task #56 Trial #0: SUCCESS (reward=1.00)
Task #57 Trial #0: SUCCESS (reward=1.00)
Task #58 Trial #0: FAIL (reward=0.00)
Task #59 Trial #0: SUCCESS (reward=1.00)
Task #60 Trial #0: FAIL (reward=0.00)
Task #61 Trial #0: SUCCESS (reward=1.00)
Task #62 Trial #0: SUCCESS (reward=1.00)
Task #63 Trial #0: SUCCESS (reward=1.00)
Task #64 Trial #0: FAIL (reward=0.00)
Task #65 Trial #0: FAIL (reward=0.00)
Task #66 Trial #0: FAIL (reward=0.00)
Task #67 Trial #0: SUCCESS (reward=1.00)
Task #68 Trial #0: SUCCESS (reward=1.00)
Task #69 Trial #0: SUCCESS (reward=1.00)
Task #70 Trial #0: SUCCESS (reward=1.00)
Task #71 Trial #0: SUCCESS (reward=1.00)
Task #72 Trial #0: FAIL (reward=0.00)
Task #73 Trial #0: FAIL (reward=0.00)
Task #74 Trial #0: FAIL (reward=0.80)
Task #75 Trial #0: FAIL (reward=0.00)
Task #76 Trial #0: FAIL (reward=0.00)
Task #77 Trial #0: FAIL (reward=0.00)
Task #78 Trial #0: SUCCESS (reward=1.00)
Task #79 Trial #0: FAIL (reward=0.62)
Task #80 Trial #0: SUCCESS (reward=1.00)
Task #81 Trial #0: FAIL (reward=0.67)
Task #82 Trial #0: FAIL (reward=0.14)
Task #83 Trial #0: SUCCESS (reward=1.00)
Task #84 Trial #0: SUCCESS (reward=1.00)
Task #85 Trial #0: SUCCESS (reward=1.00)
Task #86 Trial #0: SUCCESS (reward=1.00)
Task #87 Trial #0: SUCCESS (reward=1.00)
Task #88 Trial #0: FAIL (reward=0.00)
Task #89 Trial #0: SUCCESS (reward=1.00)
Task #90 Trial #0: SUCCESS (reward=1.00)
Task #91 Trial #0: SUCCESS (reward=1.00)
Task #92 Trial #0: SUCCESS (reward=1.00)
Task #93 Trial #0: FAIL (reward=0.00)
Task #94 Trial #0: SUCCESS (reward=1.00)
Task #95 Trial #0: SUCCESS (reward=1.00)
Task #96 Trial #0: SUCCESS (reward=1.00)
Task #97 Trial #0: FAIL (reward=0.00)
Task #98 Trial #0: SUCCESS (reward=1.00)
Task #99 Trial #0: FAIL (reward=0.00)
Task #100 Trial #0: SUCCESS (reward=1.00)
Task #101 Trial #0: SUCCESS (reward=1.00)
Task #102 Trial #0: SUCCESS (reward=1.00)
Task #103 Trial #0: SUCCESS (reward=1.00)
Task #104 Trial #0: SUCCESS (reward=1.00)
Task #105 Trial #0: SUCCESS (reward=1.00)
Task #106 Trial #0: SUCCESS (reward=1.00)
Task #107 Trial #0: SUCCESS (reward=1.00)
Task #108 Trial #0: SUCCESS (reward=1.00)
Task #109 Trial #0: FAIL (reward=0.00)
Task #110 Trial #0: SUCCESS (reward=1.00)
Task #111 Trial #0: SUCCESS (reward=1.00)
Task #112 Trial #0: FAIL (reward=0.00)
Task #113 Trial #0: SUCCESS (reward=1.00)
Task #114 Trial #0: FAIL (reward=0.00)
Task #115 Trial #0: SUCCESS (reward=1.00)
Task #116 Trial #0: SUCCESS (reward=1.00)
Task #117 Trial #0: SUCCESS (reward=1.00)
Task #118 Trial #0: SUCCESS (reward=1.00)
Task #119 Trial #0: SUCCESS (reward=1.00)
Task #120 Trial #0: FAIL (reward=0.00)
Task #121 Trial #0: FAIL (reward=0.00)
Task #122 Trial #0: FAIL (reward=-0.67)
Task #123 Trial #0: SUCCESS (reward=1.00)
Task #124 Trial #0: FAIL (reward=0.00)
Task #125 Trial #0: FAIL (reward=0.10)
Task #126 Trial #0: SUCCESS (reward=1.00)
Task #127 Trial #0: FAIL (reward=0.33)
Task #128 Trial #0: SUCCESS (reward=1.00)
Task #129 Trial #0: SUCCESS (reward=1.00)
Task #130 Trial #0: SUCCESS (reward=1.00)
Task #131 Trial #0: SUCCESS (reward=1.00)
Task #132 Trial #0: SUCCESS (reward=1.00)
Task #133 Trial #0: SUCCESS (reward=1.00)
Task #134 Trial #0: FAIL (reward=0.00)
Task #135 Trial #0: FAIL (reward=0.62)
Task #136 Trial #0: SUCCESS (reward=1.00)
Task #137 Trial #0: FAIL (reward=0.00)
Task #138 Trial #0: SUCCESS (reward=1.00)
Task #139 Trial #0: FAIL (reward=0.00)
Task #140 Trial #0: FAIL (reward=0.00)
Task #141 Trial #0: SUCCESS (reward=1.00)
Task #142 Trial #0: SUCCESS (reward=1.00)
Task #143 Trial #0: SUCCESS (reward=1.00)
Task #144 Trial #0: SUCCESS (reward=1.00)
Task #145 Trial #0: FAIL (reward=0.00)
Task #146 Trial #0: SUCCESS (reward=1.00)
Task #147 Trial #0: SUCCESS (reward=1.00)
Task #148 Trial #0: SUCCESS (reward=1.00)
Task #149 Trial #0: SUCCESS (reward=1.00)
Task #150 Trial #0: SUCCESS (reward=1.00)
Task #151 Trial #0: SUCCESS (reward=1.00)
Task #152 Trial #0: SUCCESS (reward=1.00)
Task #153 Trial #0: SUCCESS (reward=1.00)
Task #154 Trial #0: FAIL (reward=0.00)
Task #155 Trial #0: SUCCESS (reward=1.00)
Task #156 Trial #0: SUCCESS (reward=1.00)
Task #157 Trial #0: SUCCESS (reward=1.00)
Task #158 Trial #0: SUCCESS (reward=1.00)
Task #159 Trial #0: SUCCESS (reward=1.00)
Task #160 Trial #0: FAIL (reward=0.00)
Task #161 Trial #0: SUCCESS (reward=1.00)
Task #162 Trial #0: SUCCESS (reward=1.00)
Task #163 Trial #0: SUCCESS (reward=1.00)
Task #164 Trial #0: FAIL (reward=0.60)
Task #165 Trial #0: FAIL (reward=0.64)
Task #166 Trial #0: FAIL (reward=0.00)
Task #167 Trial #0: SUCCESS (reward=1.00)
Task #168 Trial #0: SUCCESS (reward=1.00)
Task #169 Trial #0: SUCCESS (reward=1.00)
Task #170 Trial #0: SUCCESS (reward=1.00)
Task #171 Trial #0: SUCCESS (reward=1.00)
Task #172 Trial #0: SUCCESS (reward=1.00)
Task #173 Trial #0: SUCCESS (reward=1.00)
Task #174 Trial #0: FAIL (reward=0.00)
Task #175 Trial #0: SUCCESS (reward=1.00)
Task #176 Trial #0: FAIL (reward=0.00)
Task #177 Trial #0: FAIL (reward=0.21)
Task #178 Trial #0: FAIL (reward=0.00)
Task #179 Trial #0: SUCCESS (reward=1.00)
Task #180 Trial #0: SUCCESS (reward=1.00)
Task #181 Trial #0: SUCCESS (reward=1.00)
Task #182 Trial #0: SUCCESS (reward=1.00)
Task #183 Trial #0: SUCCESS (reward=1.00)
Task #184 Trial #0: SUCCESS (reward=1.00)
Task #185 Trial #0: SUCCESS (reward=1.00)
Task #186 Trial #0: SUCCESS (reward=1.00)
Task #187 Trial #0: FAIL (reward=0.00)
Task #188 Trial #0: FAIL (reward=0.00)
Task #189 Trial #0: SUCCESS (reward=1.00)
Task #190 Trial #0: FAIL (reward=0.00)
Task #191 Trial #0: SUCCESS (reward=1.00)
Task #192 Trial #0: SUCCESS (reward=1.00)
Task #193 Trial #0: SUCCESS (reward=1.00)
Task #194 Trial #0: SUCCESS (reward=1.00)
Task #195 Trial #0: SUCCESS (reward=1.00)
Task #196 Trial #0: SUCCESS (reward=1.00)
Task #197 Trial #0: SUCCESS (reward=1.00)
Task #198 Trial #0: FAIL (reward=0.25)
Task #199 Trial #0: SUCCESS (reward=1.00)
Task #200 Trial #0: SUCCESS (reward=1.00)
Task #201 Trial #0: FAIL (reward=0.00)
Task #202 Trial #0: FAIL (reward=0.00)
Task #203 Trial #0: SUCCESS (reward=1.00)
Task #204 Trial #0: FAIL (reward=0.02)
Task #205 Trial #0: SUCCESS (reward=1.00)
Task #206 Trial #0: SUCCESS (reward=1.00)
Task #207 Trial #0: FAIL (reward=0.00)
Task #208 Trial #0: SUCCESS (reward=1.00)
Task #209 Trial #0: SUCCESS (reward=1.00)
Task #210 Trial #0: SUCCESS (reward=1.00)
Task #211 Trial #0: FAIL (reward=0.00)
Task #212 Trial #0: FAIL (reward=0.00)
Task #213 Trial #0: FAIL (reward=0.00)
Task #214 Trial #0: FAIL (reward=0.00)
Task #215 Trial #0: SUCCESS (reward=1.00)
Task #216 Trial #0: SUCCESS (reward=1.00)
Task #217 Trial #0: SUCCESS (reward=1.00)
Task #218 Trial #0: SUCCESS (reward=1.00)
Task #219 Trial #0: SUCCESS (reward=1.00)
Task #220 Trial #0: SUCCESS (reward=1.00)
Task #221 Trial #0: SUCCESS (reward=1.00)
Task #222 Trial #0: FAIL (reward=0.10)
Task #223 Trial #0: SUCCESS (reward=1.00)
Task #224 Trial #0: SUCCESS (reward=1.00)
Task #225 Trial #0: SUCCESS (reward=1.00)
Task #226 Trial #0: SUCCESS (reward=1.00)
Task #227 Trial #0: SUCCESS (reward=1.00)
Task #228 Trial #0: SUCCESS (reward=1.00)
Task #229 Trial #0: SUCCESS (reward=1.00)
Task #230 Trial #0: FAIL (reward=0.00)
Task #231 Trial #0: SUCCESS (reward=1.00)
Task #232 Trial #0: SUCCESS (reward=1.00)
Task #233 Trial #0: SUCCESS (reward=1.00)
Task #234 Trial #0: SUCCESS (reward=1.00)
Task #235 Trial #0: SUCCESS (reward=1.00)
Task #236 Trial #0: FAIL (reward=0.00)
Task #237 Trial #0: SUCCESS (reward=1.00)
Task #238 Trial #0: FAIL (reward=0.09)
Task #239 Trial #0: SUCCESS (reward=1.00)
Task #240 Trial #0: FAIL (reward=0.97)
Task #241 Trial #0: SUCCESS (reward=1.00)
Task #242 Trial #0: FAIL (reward=0.00)
Task #243 Trial #0: FAIL (reward=0.00)
Task #244 Trial #0: SUCCESS (reward=1.00)
Task #245 Trial #0: SUCCESS (reward=1.00)
Task #246 Trial #0: SUCCESS (reward=1.00)
Task #247 Trial #0: SUCCESS (reward=1.00)
Task #248 Trial #0: SUCCESS (reward=1.00)
Task #249 Trial #0: SUCCESS (reward=1.00)
Task #250 Trial #0: SUCCESS (reward=1.00)
Task #251 Trial #0: SUCCESS (reward=1.00)
Task #252 Trial #0: SUCCESS (reward=1.00)
Task #253 Trial #0: FAIL (reward=0.00)
Task #254 Trial #0: SUCCESS (reward=1.00)
Reflexion run (InterCode SQL)
max_trials=3


***** Start Trial #0 *****

Task #255 Trial #0: FAIL (reward=0.00)
Task #256 Trial #0: FAIL (reward=0.00)
Task #257 Trial #0: SUCCESS (reward=1.00)
Task #258 Trial #0: FAIL (reward=0.00)
Task #259 Trial #0: SUCCESS (reward=1.00)
Task #260 Trial #0: SUCCESS (reward=1.00)
Task #261 Trial #0: FAIL (reward=0.00)
Task #262 Trial #0: SUCCESS (reward=1.00)
Task #263 Trial #0: SUCCESS (reward=1.00)
Task #264 Trial #0: SUCCESS (reward=1.00)
Task #265 Trial #0: FAIL (reward=0.00)
Task #266 Trial #0: FAIL (reward=0.00)
Task #267 Trial #0: SUCCESS (reward=1.00)
Task #268 Trial #0: SUCCESS (reward=1.00)
Task #269 Trial #0: FAIL (reward=0.00)
Task #270 Trial #0: SUCCESS (reward=1.00)
Task #271 Trial #0: SUCCESS (reward=1.00)
Task #272 Trial #0: FAIL (reward=0.00)
Task #273 Trial #0: SUCCESS (reward=1.00)
Task #274 Trial #0: SUCCESS (reward=1.00)
Task #275 Trial #0: FAIL (reward=0.00)
Task #276 Trial #0: SUCCESS (reward=1.00)
Task #277 Trial #0: FAIL (reward=0.00)
Task #278 Trial #0: SUCCESS (reward=1.00)
Task #279 Trial #0: SUCCESS (reward=1.00)
Task #280 Trial #0: SUCCESS (reward=1.00)
Task #281 Trial #0: SUCCESS (reward=1.00)
Task #282 Trial #0: FAIL (reward=0.00)
Task #283 Trial #0: FAIL (reward=0.00)
Task #284 Trial #0: SUCCESS (reward=1.00)
Task #285 Trial #0: SUCCESS (reward=1.00)
Task #286 Trial #0: SUCCESS (reward=1.00)
Task #287 Trial #0: SUCCESS (reward=1.00)
Task #288 Trial #0: SUCCESS (reward=1.00)
Task #289 Trial #0: FAIL (reward=0.00)
Task #290 Trial #0: SUCCESS (reward=1.00)
Task #291 Trial #0: FAIL (reward=0.00)
Task #292 Trial #0: SUCCESS (reward=1.00)
Task #293 Trial #0: FAIL (reward=0.00)
Task #294 Trial #0: SUCCESS (reward=1.00)
Task #295 Trial #0: SUCCESS (reward=1.00)
Task #296 Trial #0: SUCCESS (reward=1.00)
Task #297 Trial #0: SUCCESS (reward=1.00)
Task #298 Trial #0: FAIL (reward=0.00)
Task #299 Trial #0: FAIL (reward=0.00)
Task #300 Trial #0: SUCCESS (reward=1.00)
Task #301 Trial #0: FAIL (reward=0.67)
Task #302 Trial #0: FAIL (reward=0.00)
Task #303 Trial #0: SUCCESS (reward=1.00)
Task #304 Trial #0: SUCCESS (reward=1.00)
Task #305 Trial #0: SUCCESS (reward=1.00)
Task #306 Trial #0: SUCCESS (reward=1.00)
Task #307 Trial #0: FAIL (reward=0.00)
Task #308 Trial #0: FAIL (reward=0.00)
Task #309 Trial #0: SUCCESS (reward=1.00)
Task #310 Trial #0: SUCCESS (reward=1.00)
Task #311 Trial #0: FAIL (reward=0.00)
Task #312 Trial #0: SUCCESS (reward=1.00)
Task #313 Trial #0: SUCCESS (reward=1.00)
Task #314 Trial #0: SUCCESS (reward=1.00)
Task #315 Trial #0: FAIL (reward=0.60)
Task #316 Trial #0: SUCCESS (reward=1.00)
Task #317 Trial #0: SUCCESS (reward=1.00)
Task #318 Trial #0: SUCCESS (reward=1.00)
Task #319 Trial #0: FAIL (reward=0.00)
Task #320 Trial #0: SUCCESS (reward=1.00)
Task #321 Trial #0: FAIL (reward=0.00)
Task #322 Trial #0: SUCCESS (reward=1.00)
Task #323 Trial #0: FAIL (reward=0.00)
Task #324 Trial #0: FAIL (reward=0.50)
Task #325 Trial #0: SUCCESS (reward=1.00)
Task #326 Trial #0: SUCCESS (reward=1.00)
Task #327 Trial #0: SUCCESS (reward=1.00)
Task #328 Trial #0: FAIL (reward=0.00)
Task #329 Trial #0: SUCCESS (reward=1.00)
Task #330 Trial #0: SUCCESS (reward=1.00)
Task #331 Trial #0: SUCCESS (reward=1.00)
Task #332 Trial #0: SUCCESS (reward=1.00)
Task #333 Trial #0: SUCCESS (reward=1.00)
Task #334 Trial #0: SUCCESS (reward=1.00)
Task #335 Trial #0: SUCCESS (reward=1.00)
Task #336 Trial #0: SUCCESS (reward=1.00)
Task #337 Trial #0: SUCCESS (reward=1.00)
Task #338 Trial #0: FAIL (reward=0.00)
Task #339 Trial #0: SUCCESS (reward=1.00)
Task #340 Trial #0: SUCCESS (reward=1.00)
Task #341 Trial #0: SUCCESS (reward=1.00)
Task #342 Trial #0: FAIL (reward=0.00)
Task #343 Trial #0: SUCCESS (reward=1.00)
Task #344 Trial #0: FAIL (reward=0.00)
Task #345 Trial #0: SUCCESS (reward=1.00)
Task #346 Trial #0: SUCCESS (reward=1.00)
Task #347 Trial #0: FAIL (reward=0.00)
Task #348 Trial #0: SUCCESS (reward=1.00)
Task #349 Trial #0: FAIL (reward=0.00)
Task #350 Trial #0: FAIL (reward=0.00)
Task #351 Trial #0: SUCCESS (reward=1.00)
Task #352 Trial #0: FAIL (reward=0.00)
Task #353 Trial #0: FAIL (reward=0.00)
Task #354 Trial #0: FAIL (reward=0.00)
Task #355 Trial #0: SUCCESS (reward=1.00)
Task #356 Trial #0: SUCCESS (reward=1.00)
Task #357 Trial #0: SUCCESS (reward=1.00)
Task #358 Trial #0: FAIL (reward=0.00)
Task #359 Trial #0: FAIL (reward=0.00)
Task #360 Trial #0: SUCCESS (reward=1.00)
Task #361 Trial #0: SUCCESS (reward=1.00)
Task #362 Trial #0: SUCCESS (reward=1.00)
Task #363 Trial #0: SUCCESS (reward=1.00)
Task #364 Trial #0: SUCCESS (reward=1.00)
Task #365 Trial #0: SUCCESS (reward=1.00)
Task #366 Trial #0: FAIL (reward=0.99)
Task #367 Trial #0: FAIL (reward=-0.33)
Task #368 Trial #0: SUCCESS (reward=1.00)
Task #369 Trial #0: SUCCESS (reward=1.00)
Task #370 Trial #0: FAIL (reward=-0.07)
Task #371 Trial #0: FAIL (reward=0.00)
Task #372 Trial #0: FAIL (reward=0.00)
Task #373 Trial #0: SUCCESS (reward=1.00)
Task #374 Trial #0: SUCCESS (reward=1.00)
Task #375 Trial #0: SUCCESS (reward=1.00)
Task #376 Trial #0: SUCCESS (reward=1.00)
Task #377 Trial #0: FAIL (reward=0.00)
Task #378 Trial #0: SUCCESS (reward=1.00)
Task #379 Trial #0: FAIL (reward=0.00)
Task #380 Trial #0: SUCCESS (reward=1.00)
Task #381 Trial #0: FAIL (reward=0.00)
Task #382 Trial #0: FAIL (reward=0.00)
Task #383 Trial #0: FAIL (reward=0.00)
Task #384 Trial #0: FAIL (reward=0.00)
Task #385 Trial #0: FAIL (reward=0.00)
Task #386 Trial #0: FAIL (reward=0.89)
Task #387 Trial #0: FAIL (reward=0.88)
Task #388 Trial #0: FAIL (reward=0.00)
Task #389 Trial #0: FAIL (reward=0.50)
Task #390 Trial #0: SUCCESS (reward=1.00)
Task #391 Trial #0: SUCCESS (reward=1.00)
Task #392 Trial #0: SUCCESS (reward=1.00)
Task #393 Trial #0: SUCCESS (reward=1.00)
Task #394 Trial #0: SUCCESS (reward=1.00)
Task #395 Trial #0: SUCCESS (reward=1.00)
Task #396 Trial #0: FAIL (reward=0.00)
Task #397 Trial #0: SUCCESS (reward=1.00)
Task #398 Trial #0: SUCCESS (reward=1.00)
Task #399 Trial #0: FAIL (reward=0.00)
Task #400 Trial #0: SUCCESS (reward=1.00)
Task #401 Trial #0: FAIL (reward=0.00)
Task #402 Trial #0: SUCCESS (reward=1.00)
Task #403 Trial #0: SUCCESS (reward=1.00)
Task #404 Trial #0: SUCCESS (reward=1.00)
Task #405 Trial #0: SUCCESS (reward=1.00)
Task #406 Trial #0: SUCCESS (reward=1.00)
Task #407 Trial #0: SUCCESS (reward=1.00)
Task #408 Trial #0: FAIL (reward=0.00)
Task #409 Trial #0: FAIL (reward=0.00)
Task #410 Trial #0: FAIL (reward=0.00)
Task #411 Trial #0: SUCCESS (reward=1.00)
Task #412 Trial #0: SUCCESS (reward=1.00)
Task #413 Trial #0: SUCCESS (reward=1.00)
Task #414 Trial #0: SUCCESS (reward=1.00)
Task #415 Trial #0: FAIL (reward=0.00)
Task #416 Trial #0: FAIL (reward=0.00)
Task #417 Trial #0: SUCCESS (reward=1.00)
Task #418 Trial #0: FAIL (reward=0.00)
Task #419 Trial #0: FAIL (reward=0.00)
Task #420 Trial #0: SUCCESS (reward=1.00)
Task #421 Trial #0: FAIL (reward=0.00)
Task #422 Trial #0: SUCCESS (reward=1.00)
Task #423 Trial #0: FAIL (reward=0.50)
Task #424 Trial #0: SUCCESS (reward=1.00)
Task #425 Trial #0: FAIL (reward=0.88)
Task #426 Trial #0: SUCCESS (reward=1.00)
Task #427 Trial #0: FAIL (reward=0.00)
Task #428 Trial #0: SUCCESS (reward=1.00)
Task #429 Trial #0: SUCCESS (reward=1.00)
Task #430 Trial #0: FAIL (reward=0.97)
Task #431 Trial #0: SUCCESS (reward=1.00)
Task #432 Trial #0: SUCCESS (reward=1.00)
Task #433 Trial #0: SUCCESS (reward=1.00)
Task #434 Trial #0: SUCCESS (reward=1.00)
Task #435 Trial #0: SUCCESS (reward=1.00)
Task #436 Trial #0: FAIL (reward=0.12)
Task #437 Trial #0: FAIL (reward=0.00)
Task #438 Trial #0: SUCCESS (reward=1.00)
Task #439 Trial #0: FAIL (reward=0.00)
Task #440 Trial #0: SUCCESS (reward=1.00)
Task #441 Trial #0: SUCCESS (reward=1.00)
Task #442 Trial #0: FAIL (reward=0.00)
Task #443 Trial #0: SUCCESS (reward=1.00)
Task #444 Trial #0: SUCCESS (reward=1.00)
Task #445 Trial #0: SUCCESS (reward=1.00)
Task #446 Trial #0: FAIL (reward=0.00)
Task #447 Trial #0: SUCCESS (reward=1.00)
Task #448 Trial #0: SUCCESS (reward=1.00)
Task #449 Trial #0: SUCCESS (reward=1.00)
Task #450 Trial #0: FAIL (reward=0.33)
Task #451 Trial #0: SUCCESS (reward=1.00)
Task #452 Trial #0: SUCCESS (reward=1.00)
Task #453 Trial #0: FAIL (reward=0.00)
Task #454 Trial #0: SUCCESS (reward=1.00)
Task #455 Trial #0: SUCCESS (reward=1.00)
Task #456 Trial #0: FAIL (reward=0.00)
Task #457 Trial #0: FAIL (reward=0.00)
Task #458 Trial #0: SUCCESS (reward=1.00)
Task #459 Trial #0: SUCCESS (reward=1.00)
Task #460 Trial #0: SUCCESS (reward=1.00)
Task #461 Trial #0: SUCCESS (reward=1.00)
Task #462 Trial #0: SUCCESS (reward=1.00)
Task #463 Trial #0: FAIL (reward=0.00)
Task #464 Trial #0: FAIL (reward=-0.67)
Task #465 Trial #0: SUCCESS (reward=1.00)
Task #466 Trial #0: SUCCESS (reward=1.00)
Task #467 Trial #0: FAIL (reward=0.00)
Task #468 Trial #0: SUCCESS (reward=1.00)
Task #469 Trial #0: FAIL (reward=0.00)
Task #470 Trial #0: SUCCESS (reward=1.00)
Task #471 Trial #0: SUCCESS (reward=1.00)
Task #472 Trial #0: SUCCESS (reward=1.00)
Task #473 Trial #0: SUCCESS (reward=1.00)
Task #474 Trial #0: SUCCESS (reward=1.00)
Task #475 Trial #0: SUCCESS (reward=1.00)
Task #476 Trial #0: FAIL (reward=0.00)
Task #477 Trial #0: FAIL (reward=0.00)
Task #478 Trial #0: FAIL (reward=0.00)
Task #479 Trial #0: SUCCESS (reward=1.00)
Task #480 Trial #0: FAIL (reward=0.00)
Task #481 Trial #0: SUCCESS (reward=1.00)
Task #482 Trial #0: SUCCESS (reward=1.00)
Task #483 Trial #0: SUCCESS (reward=1.00)
Task #484 Trial #0: SUCCESS (reward=1.00)
Task #485 Trial #0: FAIL (reward=0.00)
Task #486 Trial #0: SUCCESS (reward=1.00)
Task #487 Trial #0: SUCCESS (reward=1.00)
Task #488 Trial #0: FAIL (reward=0.00)
Task #489 Trial #0: SUCCESS (reward=1.00)
Task #490 Trial #0: SUCCESS (reward=1.00)
Task #491 Trial #0: SUCCESS (reward=1.00)
Task #492 Trial #0: FAIL (reward=-1.00)
Task #493 Trial #0: FAIL (reward=0.00)
Task #494 Trial #0: SUCCESS (reward=1.00)
Task #495 Trial #0: FAIL (reward=-0.10)
Task #496 Trial #0: FAIL (reward=0.71)
Task #497 Trial #0: SUCCESS (reward=1.00)
Task #498 Trial #0: SUCCESS (reward=1.00)
Task #499 Trial #0: FAIL (reward=0.00)
Task #500 Trial #0: SUCCESS (reward=1.00)
Task #501 Trial #0: FAIL (reward=0.00)
Task #502 Trial #0: SUCCESS (reward=1.00)
Task #503 Trial #0: SUCCESS (reward=1.00)
Task #504 Trial #0: FAIL (reward=0.00)
Task #505 Trial #0: FAIL (reward=0.00)
Task #506 Trial #0: SUCCESS (reward=1.00)
Task #507 Trial #0: SUCCESS (reward=1.00)
Task #508 Trial #0: SUCCESS (reward=1.00)
Task #509 Trial #0: SUCCESS (reward=1.00)
Task #510 Trial #0: SUCCESS (reward=1.00)
Task #511 Trial #0: SUCCESS (reward=1.00)
Task #512 Trial #0: SUCCESS (reward=1.00)
Task #513 Trial #0: SUCCESS (reward=1.00)
Task #514 Trial #0: FAIL (reward=0.00)
Task #515 Trial #0: FAIL (reward=-0.33)
-----
SUCCESS: 337
FAIL: 99
TOTAL: 516
ACCURACY: 0.65

***** End Trial #0 *****



***** Start Trial #1 *****

Task #4 Trial #1: FAIL (reward=0.00)
Task #9 Trial #1: FAIL (reward=0.00)
Task #10 Trial #1: FAIL (reward=0.00)
Task #12 Trial #1: FAIL (reward=0.00)
Task #13 Trial #1: FAIL (reward=0.02)
Task #14 Trial #1: FAIL (reward=-0.10)
Task #19 Trial #1: FAIL (reward=0.00)
Task #27 Trial #1: FAIL (reward=0.00)
Task #30 Trial #1: FAIL (reward=0.00)
Task #32 Trial #1: FAIL (reward=0.00)
Task #39 Trial #1: FAIL (reward=0.00)
Task #40 Trial #1: FAIL (reward=0.00)
Task #45 Trial #1: FAIL (reward=0.00)
Task #47 Trial #1: FAIL (reward=0.80)
Task #50 Trial #1: FAIL (reward=0.00)
Task #51 Trial #1: FAIL (reward=0.00)
Task #53 Trial #1: SUCCESS (reward=1.00)
Task #55 Trial #1: FAIL (reward=0.00)
Task #58 Trial #1: FAIL (reward=0.00)
Task #60 Trial #1: FAIL (reward=0.00)
Task #64 Trial #1: FAIL (reward=0.00)
Task #65 Trial #1: FAIL (reward=0.00)
Task #66 Trial #1: SUCCESS (reward=1.00)
Task #72 Trial #1: FAIL (reward=0.00)
Task #73 Trial #1: SUCCESS (reward=1.00)
Task #74 Trial #1: FAIL (reward=0.00)
Task #75 Trial #1: FAIL (reward=0.00)
Task #76 Trial #1: FAIL (reward=0.00)
Task #77 Trial #1: SUCCESS (reward=1.00)
Task #79 Trial #1: FAIL (reward=0.62)
Task #81 Trial #1: FAIL (reward=0.67)
Task #82 Trial #1: SUCCESS (reward=1.00)
Task #88 Trial #1: SUCCESS (reward=1.00)
Task #93 Trial #1: FAIL (reward=0.00)
Task #97 Trial #1: FAIL (reward=0.00)
Task #99 Trial #1: FAIL (reward=0.00)
Task #109 Trial #1: FAIL (reward=0.00)
Task #112 Trial #1: FAIL (reward=0.00)
Task #114 Trial #1: SUCCESS (reward=1.00)
Task #120 Trial #1: SUCCESS (reward=1.00)
Task #121 Trial #1: FAIL (reward=0.00)
Task #122 Trial #1: FAIL (reward=-0.67)
Task #124 Trial #1: FAIL (reward=0.00)
Task #125 Trial #1: SUCCESS (reward=1.00)
Task #127 Trial #1: FAIL (reward=0.33)
Task #134 Trial #1: FAIL (reward=0.00)
Task #135 Trial #1: FAIL (reward=0.62)
Task #137 Trial #1: FAIL (reward=0.00)
Task #139 Trial #1: FAIL (reward=0.00)
Task #140 Trial #1: FAIL (reward=-0.07)
Task #145 Trial #1: FAIL (reward=0.00)
Task #154 Trial #1: FAIL (reward=0.00)
Task #160 Trial #1: FAIL (reward=0.00)
Task #164 Trial #1: FAIL (reward=0.60)
Task #165 Trial #1: FAIL (reward=0.64)
Task #166 Trial #1: FAIL (reward=0.00)
Task #174 Trial #1: SUCCESS (reward=1.00)
Task #176 Trial #1: FAIL (reward=0.00)
Task #177 Trial #1: FAIL (reward=0.00)
Task #178 Trial #1: SUCCESS (reward=1.00)
Task #187 Trial #1: FAIL (reward=0.00)
Task #188 Trial #1: FAIL (reward=0.00)
Task #190 Trial #1: FAIL (reward=0.00)
Task #198 Trial #1: FAIL (reward=0.10)
Task #201 Trial #1: FAIL (reward=0.00)
Task #202 Trial #1: FAIL (reward=0.00)
Task #204 Trial #1: FAIL (reward=0.02)
Task #207 Trial #1: FAIL (reward=0.00)
Task #211 Trial #1: SUCCESS (reward=1.00)
Task #212 Trial #1: FAIL (reward=0.00)
Task #213 Trial #1: SUCCESS (reward=1.00)
Task #214 Trial #1: FAIL (reward=0.00)
Task #222 Trial #1: FAIL (reward=0.10)
Task #230 Trial #1: FAIL (reward=0.00)
Task #236 Trial #1: FAIL (reward=0.00)
Task #238 Trial #1: SUCCESS (reward=1.00)
Task #240 Trial #1: FAIL (reward=0.97)
Task #242 Trial #1: FAIL (reward=0.00)
Task #243 Trial #1: FAIL (reward=0.00)
Task #253 Trial #1: FAIL (reward=0.00)
Task #255 Trial #1: FAIL (reward=0.00)
Task #256 Trial #1: FAIL (reward=0.00)
Task #258 Trial #1: FAIL (reward=0.00)
Task #261 Trial #1: FAIL (reward=0.00)
Task #265 Trial #1: FAIL (reward=0.00)
Task #266 Trial #1: FAIL (reward=0.00)
Task #269 Trial #1: FAIL (reward=0.00)
Task #272 Trial #1: FAIL (reward=0.00)
Task #275 Trial #1: FAIL (reward=0.00)
Task #277 Trial #1: FAIL (reward=0.00)
Task #282 Trial #1: FAIL (reward=0.00)
Task #283 Trial #1: FAIL (reward=0.00)
Task #289 Trial #1: FAIL (reward=0.00)
Task #291 Trial #1: FAIL (reward=0.00)
Task #293 Trial #1: FAIL (reward=-0.33)
Task #298 Trial #1: FAIL (reward=0.00)
Task #299 Trial #1: FAIL (reward=0.00)
Task #301 Trial #1: FAIL (reward=0.67)
Task #302 Trial #1: FAIL (reward=0.00)
Task #307 Trial #1: FAIL (reward=0.00)
Task #308 Trial #1: FAIL (reward=0.00)
Task #311 Trial #1: FAIL (reward=0.00)
Task #315 Trial #1: FAIL (reward=0.60)
Task #319 Trial #1: FAIL (reward=0.00)
Task #321 Trial #1: FAIL (reward=0.00)
Task #323 Trial #1: FAIL (reward=0.00)
Task #324 Trial #1: FAIL (reward=0.50)
Task #328 Trial #1: FAIL (reward=0.00)
Task #338 Trial #1: FAIL (reward=0.00)
Task #342 Trial #1: FAIL (reward=0.00)
Task #344 Trial #1: FAIL (reward=0.00)
Task #347 Trial #1: FAIL (reward=0.00)
Task #349 Trial #1: FAIL (reward=0.00)
Task #350 Trial #1: FAIL (reward=0.00)
Task #352 Trial #1: FAIL (reward=0.00)
Task #353 Trial #1: FAIL (reward=0.00)
Task #354 Trial #1: FAIL (reward=0.00)
Task #358 Trial #1: FAIL (reward=0.00)
Task #359 Trial #1: FAIL (reward=0.00)
Task #366 Trial #1: SUCCESS (reward=1.00)
Task #367 Trial #1: FAIL (reward=-0.33)
Task #370 Trial #1: FAIL (reward=-0.07)
Task #371 Trial #1: FAIL (reward=0.00)
Task #372 Trial #1: FAIL (reward=0.00)
Task #377 Trial #1: FAIL (reward=0.00)
Task #379 Trial #1: FAIL (reward=0.00)
Task #381 Trial #1: FAIL (reward=0.00)
Task #382 Trial #1: FAIL (reward=0.00)
Task #383 Trial #1: FAIL (reward=0.00)
Task #384 Trial #1: FAIL (reward=0.00)
Task #385 Trial #1: FAIL (reward=0.00)
Task #386 Trial #1: FAIL (reward=0.89)
Task #387 Trial #1: FAIL (reward=0.88)
Task #388 Trial #1: FAIL (reward=0.00)
Task #389 Trial #1: SUCCESS (reward=1.00)
Task #396 Trial #1: FAIL (reward=0.00)
Task #399 Trial #1: FAIL (reward=0.00)
Task #401 Trial #1: FAIL (reward=0.00)
Task #408 Trial #1: SUCCESS (reward=1.00)
Task #409 Trial #1: FAIL (reward=0.21)
Task #410 Trial #1: FAIL (reward=0.00)
Task #415 Trial #1: FAIL (reward=0.00)
Task #416 Trial #1: FAIL (reward=0.00)
Task #418 Trial #1: FAIL (reward=0.00)
Task #419 Trial #1: SUCCESS (reward=1.00)
Task #421 Trial #1: SUCCESS (reward=1.00)
Task #423 Trial #1: SUCCESS (reward=1.00)
Task #425 Trial #1: FAIL (reward=0.88)
Task #427 Trial #1: FAIL (reward=0.00)
Task #430 Trial #1: FAIL (reward=0.97)
Task #436 Trial #1: FAIL (reward=0.12)
Task #437 Trial #1: FAIL (reward=0.00)
Task #439 Trial #1: FAIL (reward=0.00)
Task #442 Trial #1: FAIL (reward=0.00)
Task #446 Trial #1: FAIL (reward=0.00)
Task #450 Trial #1: FAIL (reward=0.33)
Task #453 Trial #1: FAIL (reward=0.00)
Task #456 Trial #1: SUCCESS (reward=1.00)
Task #457 Trial #1: FAIL (reward=0.00)
Task #463 Trial #1: FAIL (reward=0.00)
Task #464 Trial #1: FAIL (reward=-0.67)
Task #467 Trial #1: FAIL (reward=0.00)
Task #469 Trial #1: FAIL (reward=0.00)
Task #476 Trial #1: FAIL (reward=0.00)
Task #477 Trial #1: SUCCESS (reward=1.00)
Task #478 Trial #1: FAIL (reward=0.00)
Task #480 Trial #1: FAIL (reward=0.00)
Task #485 Trial #1: FAIL (reward=0.00)
Task #488 Trial #1: FAIL (reward=0.00)
Task #492 Trial #1: SUCCESS (reward=1.00)
Task #493 Trial #1: FAIL (reward=0.00)
Task #495 Trial #1: FAIL (reward=0.00)
Task #496 Trial #1: FAIL (reward=0.71)
Task #499 Trial #1: FAIL (reward=0.00)
Task #501 Trial #1: FAIL (reward=0.00)
Task #504 Trial #1: FAIL (reward=0.00)
Task #505 Trial #1: FAIL (reward=0.00)
Task #514 Trial #1: FAIL (reward=0.00)
Task #515 Trial #1: FAIL (reward=-0.33)
-----
SUCCESS: 360
FAIL: 156
TOTAL: 516
ACCURACY: 0.70

***** End Trial #1 *****



***** Start Trial #2 *****

Task #4 Trial #2: FAIL (reward=0.00)
Task #9 Trial #2: FAIL (reward=0.00)
Task #10 Trial #2: FAIL (reward=0.00)
Task #12 Trial #2: FAIL (reward=0.00)
Task #13 Trial #2: FAIL (reward=0.29)
Task #14 Trial #2: FAIL (reward=0.00)
Task #19 Trial #2: FAIL (reward=0.00)
Task #27 Trial #2: FAIL (reward=0.00)
Task #30 Trial #2: FAIL (reward=0.00)
Task #32 Trial #2: FAIL (reward=0.00)
Task #39 Trial #2: FAIL (reward=0.00)
Task #40 Trial #2: FAIL (reward=0.00)
Task #45 Trial #2: FAIL (reward=0.00)
Task #47 Trial #2: FAIL (reward=0.80)
Task #50 Trial #2: FAIL (reward=0.00)
Task #51 Trial #2: FAIL (reward=0.00)
Task #55 Trial #2: FAIL (reward=0.00)
Task #58 Trial #2: FAIL (reward=0.00)
Task #60 Trial #2: FAIL (reward=0.00)
Task #64 Trial #2: FAIL (reward=0.00)
Task #65 Trial #2: FAIL (reward=0.00)
Task #72 Trial #2: FAIL (reward=0.00)
Task #74 Trial #2: FAIL (reward=0.80)
Task #75 Trial #2: FAIL (reward=0.00)
Task #76 Trial #2: FAIL (reward=0.00)
Task #79 Trial #2: FAIL (reward=0.62)
Task #81 Trial #2: FAIL (reward=0.67)
Task #93 Trial #2: FAIL (reward=0.00)
Task #97 Trial #2: FAIL (reward=0.00)
Task #99 Trial #2: FAIL (reward=0.00)
Task #109 Trial #2: FAIL (reward=0.00)
Task #112 Trial #2: FAIL (reward=0.00)
Task #121 Trial #2: FAIL (reward=0.00)
Task #122 Trial #2: FAIL (reward=-0.67)
Task #124 Trial #2: FAIL (reward=0.00)
Task #127 Trial #2: FAIL (reward=0.33)
Task #134 Trial #2: FAIL (reward=0.00)
Task #135 Trial #2: FAIL (reward=0.62)
Task #137 Trial #2: FAIL (reward=0.00)
Task #139 Trial #2: FAIL (reward=0.00)
Task #140 Trial #2: FAIL (reward=-0.07)
Task #145 Trial #2: FAIL (reward=0.00)
Task #154 Trial #2: FAIL (reward=0.00)
Task #160 Trial #2: FAIL (reward=0.00)
Task #164 Trial #2: FAIL (reward=0.60)
Task #165 Trial #2: FAIL (reward=0.64)
Task #166 Trial #2: FAIL (reward=0.00)
Task #176 Trial #2: FAIL (reward=0.00)
Task #177 Trial #2: FAIL (reward=0.21)
Task #187 Trial #2: SUCCESS (reward=1.00)
Task #188 Trial #2: FAIL (reward=0.00)
Task #190 Trial #2: FAIL (reward=0.00)
Task #198 Trial #2: FAIL (reward=0.25)
Task #201 Trial #2: FAIL (reward=0.00)
Task #202 Trial #2: FAIL (reward=0.00)
Task #204 Trial #2: FAIL (reward=0.02)
Task #207 Trial #2: FAIL (reward=0.00)
Task #212 Trial #2: FAIL (reward=0.00)
Task #214 Trial #2: FAIL (reward=0.00)
Task #222 Trial #2: FAIL (reward=0.10)
Task #230 Trial #2: SUCCESS (reward=1.00)
Task #236 Trial #2: FAIL (reward=0.00)
Task #240 Trial #2: FAIL (reward=0.97)
Task #242 Trial #2: FAIL (reward=0.00)
Task #243 Trial #2: FAIL (reward=0.00)
Task #253 Trial #2: FAIL (reward=0.00)
Task #255 Trial #2: FAIL (reward=0.00)
Task #256 Trial #2: FAIL (reward=0.00)
Task #258 Trial #2: FAIL (reward=0.00)
Task #261 Trial #2: FAIL (reward=0.00)
Task #265 Trial #2: FAIL (reward=0.00)
Task #266 Trial #2: FAIL (reward=0.00)
Task #269 Trial #2: FAIL (reward=0.00)
Task #272 Trial #2: FAIL (reward=0.00)
Task #275 Trial #2: FAIL (reward=0.00)
Task #277 Trial #2: FAIL (reward=0.00)
Task #282 Trial #2: FAIL (reward=0.00)
Task #283 Trial #2: FAIL (reward=0.00)
Task #289 Trial #2: FAIL (reward=0.00)
Task #291 Trial #2: FAIL (reward=0.00)
Task #293 Trial #2: FAIL (reward=-0.33)
Task #298 Trial #2: FAIL (reward=0.00)
Task #299 Trial #2: FAIL (reward=0.00)
Task #301 Trial #2: FAIL (reward=0.67)
Task #302 Trial #2: FAIL (reward=0.00)
Task #307 Trial #2: FAIL (reward=0.00)
Task #308 Trial #2: FAIL (reward=0.00)
Task #311 Trial #2: FAIL (reward=0.00)
Task #315 Trial #2: SUCCESS (reward=1.00)
Task #319 Trial #2: FAIL (reward=0.00)
Task #321 Trial #2: FAIL (reward=0.00)
Task #323 Trial #2: FAIL (reward=0.00)
Task #324 Trial #2: FAIL (reward=0.50)
Task #328 Trial #2: FAIL (reward=0.00)
Task #338 Trial #2: FAIL (reward=0.00)
Task #342 Trial #2: FAIL (reward=0.00)
Task #344 Trial #2: FAIL (reward=0.00)
Task #347 Trial #2: FAIL (reward=0.00)
Task #349 Trial #2: FAIL (reward=0.00)
Task #350 Trial #2: FAIL (reward=0.00)
Task #352 Trial #2: FAIL (reward=0.00)
Task #353 Trial #2: FAIL (reward=0.00)
Task #354 Trial #2: FAIL (reward=0.00)
Task #358 Trial #2: FAIL (reward=0.00)
Task #359 Trial #2: SUCCESS (reward=1.00)
Task #367 Trial #2: FAIL (reward=-0.33)
Task #370 Trial #2: FAIL (reward=-0.07)
Task #371 Trial #2: FAIL (reward=0.00)
Task #372 Trial #2: FAIL (reward=0.00)
Task #377 Trial #2: FAIL (reward=0.00)
Task #379 Trial #2: FAIL (reward=0.00)
Task #381 Trial #2: FAIL (reward=0.00)
Task #382 Trial #2: SUCCESS (reward=1.00)
Task #383 Trial #2: FAIL (reward=0.00)
Task #384 Trial #2: FAIL (reward=0.00)
Task #385 Trial #2: FAIL (reward=0.00)
Task #386 Trial #2: FAIL (reward=0.89)
Task #387 Trial #2: FAIL (reward=0.88)
Task #388 Trial #2: FAIL (reward=0.00)
Task #396 Trial #2: FAIL (reward=0.00)
Task #399 Trial #2: FAIL (reward=0.00)
Task #401 Trial #2: FAIL (reward=0.00)
Task #409 Trial #2: FAIL (reward=0.21)
Task #410 Trial #2: FAIL (reward=0.00)
Task #415 Trial #2: SUCCESS (reward=1.00)
Task #416 Trial #2: FAIL (reward=0.00)
Task #418 Trial #2: FAIL (reward=0.00)
Task #425 Trial #2: FAIL (reward=0.88)
Task #427 Trial #2: FAIL (reward=0.00)
Task #430 Trial #2: FAIL (reward=0.97)
Task #436 Trial #2: FAIL (reward=0.12)
Task #437 Trial #2: FAIL (reward=0.00)
Task #439 Trial #2: SUCCESS (reward=1.00)
Task #442 Trial #2: SUCCESS (reward=1.00)
Task #446 Trial #2: FAIL (reward=0.00)
Task #450 Trial #2: FAIL (reward=0.33)
Task #453 Trial #2: FAIL (reward=0.00)
Task #457 Trial #2: FAIL (reward=0.00)
Task #463 Trial #2: FAIL (reward=0.00)
Task #464 Trial #2: FAIL (reward=-0.67)
Task #467 Trial #2: FAIL (reward=0.00)
Task #469 Trial #2: FAIL (reward=0.00)
Task #476 Trial #2: FAIL (reward=0.00)
Task #478 Trial #2: FAIL (reward=0.00)
Task #480 Trial #2: SUCCESS (reward=1.00)
Task #485 Trial #2: FAIL (reward=0.00)
Task #488 Trial #2: FAIL (reward=0.00)
Task #493 Trial #2: SUCCESS (reward=1.00)
Task #495 Trial #2: FAIL (reward=0.00)
Task #496 Trial #2: FAIL (reward=0.71)
Task #499 Trial #2: FAIL (reward=0.00)
Task #501 Trial #2: FAIL (reward=0.00)
Task #504 Trial #2: FAIL (reward=0.00)
Task #505 Trial #2: FAIL (reward=0.00)
Task #514 Trial #2: SUCCESS (reward=1.00)
Task #515 Trial #2: FAIL (reward=-0.33)
-----
SUCCESS: 371
FAIL: 145
TOTAL: 516
ACCURACY: 0.72

***** End Trial #2 *****

Reflexion run (InterCode SQL)
max_trials=3


***** Start Trial #0 *****

-----
SUCCESS: 371
FAIL: 0
TOTAL: 516
ACCURACY: 0.72

***** End Trial #0 *****



***** Start Trial #1 *****

-----
SUCCESS: 371
FAIL: 0
TOTAL: 516
ACCURACY: 0.72

***** End Trial #1 *****



***** Start Trial #2 *****

-----
SUCCESS: 371
FAIL: 0
TOTAL: 516
ACCURACY: 0.72

***** End Trial #2 *****

Reflexion run (InterCode SQL)
max_trials=7


***** Start Trial #0 *****

-----
SUCCESS: 371
FAIL: 0
TOTAL: 516
ACCURACY: 0.72

***** End Trial #0 *****



***** Start Trial #1 *****

-----
SUCCESS: 371
FAIL: 0
TOTAL: 516
ACCURACY: 0.72

***** End Trial #1 *****



***** Start Trial #2 *****

-----
SUCCESS: 371
FAIL: 0
TOTAL: 516
ACCURACY: 0.72

***** End Trial #2 *****



***** Start Trial #3 *****

Task #4 Trial #3: FAIL (reward=0.00)
Task #9 Trial #3: FAIL (reward=0.00)
Task #10 Trial #3: FAIL (reward=0.00)
Task #12 Trial #3: FAIL (reward=0.00)
Task #13 Trial #3: FAIL (reward=0.29)
Task #14 Trial #3: FAIL (reward=0.00)
Task #19 Trial #3: FAIL (reward=0.00)
Task #27 Trial #3: FAIL (reward=0.00)
Task #30 Trial #3: FAIL (reward=0.00)
Task #32 Trial #3: FAIL (reward=0.00)
Task #39 Trial #3: FAIL (reward=0.00)
Task #40 Trial #3: FAIL (reward=0.00)
Task #45 Trial #3: FAIL (reward=0.00)
Task #47 Trial #3: FAIL (reward=0.05)
Task #50 Trial #3: FAIL (reward=0.00)
Task #51 Trial #3: FAIL (reward=0.00)
Task #55 Trial #3: FAIL (reward=0.00)
Task #58 Trial #3: FAIL (reward=0.00)
Task #60 Trial #3: FAIL (reward=0.00)
Task #64 Trial #3: FAIL (reward=0.00)
Task #65 Trial #3: FAIL (reward=0.00)
Task #72 Trial #3: FAIL (reward=0.00)
Task #74 Trial #3: FAIL (reward=0.80)
Task #75 Trial #3: FAIL (reward=0.00)
Task #76 Trial #3: FAIL (reward=0.00)
Task #79 Trial #3: FAIL (reward=0.62)
Task #81 Trial #3: FAIL (reward=0.67)
Task #93 Trial #3: SUCCESS (reward=1.00)
Task #97 Trial #3: FAIL (reward=0.00)
Task #99 Trial #3: FAIL (reward=0.00)
Task #109 Trial #3: FAIL (reward=0.00)
Task #112 Trial #3: FAIL (reward=0.00)
Task #121 Trial #3: SUCCESS (reward=1.00)
Task #122 Trial #3: FAIL (reward=-0.67)
Task #124 Trial #3: FAIL (reward=0.00)
Task #127 Trial #3: FAIL (reward=0.33)
Task #134 Trial #3: FAIL (reward=0.00)
Task #135 Trial #3: FAIL (reward=0.62)
Task #137 Trial #3: FAIL (reward=0.00)
Task #139 Trial #3: FAIL (reward=0.00)
Task #140 Trial #3: FAIL (reward=-0.07)
Task #145 Trial #3: FAIL (reward=0.00)
Task #154 Trial #3: FAIL (reward=0.00)
Task #160 Trial #3: FAIL (reward=0.00)
Task #164 Trial #3: FAIL (reward=0.60)
Task #165 Trial #3: FAIL (reward=0.64)
Task #166 Trial #3: FAIL (reward=0.00)
Task #176 Trial #3: FAIL (reward=0.00)
Task #177 Trial #3: FAIL (reward=0.21)
Task #188 Trial #3: FAIL (reward=0.00)
Task #190 Trial #3: FAIL (reward=0.00)
Task #198 Trial #3: FAIL (reward=0.10)
Task #201 Trial #3: FAIL (reward=0.00)
Task #202 Trial #3: FAIL (reward=0.00)
Task #204 Trial #3: FAIL (reward=0.26)
Task #207 Trial #3: FAIL (reward=0.00)
Task #212 Trial #3: FAIL (reward=0.00)
Task #214 Trial #3: FAIL (reward=0.00)
Task #222 Trial #3: FAIL (reward=0.10)
Task #236 Trial #3: FAIL (reward=0.00)
Task #240 Trial #3: SUCCESS (reward=1.00)
Task #242 Trial #3: FAIL (reward=0.00)
Task #243 Trial #3: FAIL (reward=0.00)
Task #253 Trial #3: SUCCESS (reward=1.00)
Task #255 Trial #3: FAIL (reward=0.00)
Task #256 Trial #3: SUCCESS (reward=1.00)
Task #258 Trial #3: FAIL (reward=0.00)
Task #261 Trial #3: FAIL (reward=0.00)
Task #265 Trial #3: FAIL (reward=0.00)
Task #266 Trial #3: FAIL (reward=0.00)
Task #269 Trial #3: FAIL (reward=0.00)
Task #272 Trial #3: FAIL (reward=0.00)
Task #275 Trial #3: FAIL (reward=0.00)
Task #277 Trial #3: FAIL (reward=0.00)
Task #282 Trial #3: SUCCESS (reward=1.00)
Task #283 Trial #3: FAIL (reward=0.00)
Task #289 Trial #3: FAIL (reward=0.00)
Task #291 Trial #3: SUCCESS (reward=1.00)
Task #293 Trial #3: FAIL (reward=-0.33)
Task #298 Trial #3: FAIL (reward=0.00)
Task #299 Trial #3: FAIL (reward=0.00)
Task #301 Trial #3: FAIL (reward=0.67)
Task #302 Trial #3: FAIL (reward=0.00)
Task #307 Trial #3: FAIL (reward=0.00)
Task #308 Trial #3: FAIL (reward=0.00)
Task #311 Trial #3: FAIL (reward=0.00)
Task #319 Trial #3: FAIL (reward=0.00)
Task #321 Trial #3: FAIL (reward=0.00)
Task #323 Trial #3: FAIL (reward=0.00)
Task #324 Trial #3: FAIL (reward=0.50)
Task #328 Trial #3: SUCCESS (reward=1.00)
Task #338 Trial #3: FAIL (reward=0.00)
Task #342 Trial #3: FAIL (reward=0.00)
Task #344 Trial #3: FAIL (reward=0.00)
Task #347 Trial #3: FAIL (reward=0.00)
Task #349 Trial #3: FAIL (reward=0.00)
Task #350 Trial #3: FAIL (reward=0.00)
Task #352 Trial #3: FAIL (reward=0.00)
Task #353 Trial #3: FAIL (reward=0.00)
Task #354 Trial #3: FAIL (reward=0.00)
Task #358 Trial #3: FAIL (reward=0.00)
Task #367 Trial #3: SUCCESS (reward=1.00)
Task #370 Trial #3: FAIL (reward=-0.07)
Task #371 Trial #3: SUCCESS (reward=1.00)
Task #372 Trial #3: FAIL (reward=0.00)
Task #377 Trial #3: FAIL (reward=0.00)
Task #379 Trial #3: FAIL (reward=0.00)
Task #381 Trial #3: SUCCESS (reward=1.00)
Task #383 Trial #3: FAIL (reward=0.00)
Task #384 Trial #3: FAIL (reward=0.00)
Task #385 Trial #3: FAIL (reward=0.00)
Task #386 Trial #3: SUCCESS (reward=1.00)
Task #387 Trial #3: FAIL (reward=0.88)
Task #388 Trial #3: FAIL (reward=0.00)
Task #396 Trial #3: FAIL (reward=0.00)
Task #399 Trial #3: FAIL (reward=0.00)
Task #401 Trial #3: SUCCESS (reward=1.00)
Task #409 Trial #3: FAIL (reward=0.21)
Task #410 Trial #3: FAIL (reward=0.00)
Task #416 Trial #3: FAIL (reward=0.00)
Task #418 Trial #3: FAIL (reward=0.00)
Task #425 Trial #3: FAIL (reward=0.88)
Task #427 Trial #3: FAIL (reward=0.00)
Task #430 Trial #3: FAIL (reward=0.97)
Task #436 Trial #3: FAIL (reward=0.12)
Task #437 Trial #3: FAIL (reward=0.00)
Task #446 Trial #3: FAIL (reward=0.00)
Task #450 Trial #3: FAIL (reward=0.33)
Task #453 Trial #3: FAIL (reward=0.00)
Task #457 Trial #3: FAIL (reward=0.00)
Task #463 Trial #3: SUCCESS (reward=1.00)
Task #464 Trial #3: FAIL (reward=-0.67)
Task #467 Trial #3: FAIL (reward=0.00)
Task #469 Trial #3: FAIL (reward=0.00)
Task #476 Trial #3: FAIL (reward=0.00)
Task #478 Trial #3: FAIL (reward=0.00)
Task #485 Trial #3: FAIL (reward=0.00)
Task #488 Trial #3: FAIL (reward=0.00)
Task #495 Trial #3: FAIL (reward=0.07)
Task #496 Trial #3: FAIL (reward=0.71)
Task #499 Trial #3: FAIL (reward=0.00)
Task #501 Trial #3: FAIL (reward=0.00)
Task #504 Trial #3: FAIL (reward=0.00)
Task #505 Trial #3: FAIL (reward=0.00)
Task #515 Trial #3: SUCCESS (reward=1.00)
-----
SUCCESS: 386
FAIL: 130
TOTAL: 516
ACCURACY: 0.75

***** End Trial #3 *****



***** Start Trial #4 *****

Task #4 Trial #4: FAIL (reward=0.00)
Task #9 Trial #4: FAIL (reward=0.00)
Task #10 Trial #4: FAIL (reward=0.00)
Task #12 Trial #4: FAIL (reward=0.00)
Task #13 Trial #4: FAIL (reward=0.29)
Task #14 Trial #4: FAIL (reward=0.00)
Task #19 Trial #4: FAIL (reward=0.00)
Task #27 Trial #4: FAIL (reward=0.00)
Task #30 Trial #4: FAIL (reward=0.00)
Task #32 Trial #4: FAIL (reward=0.00)
Task #39 Trial #4: FAIL (reward=0.00)
Task #40 Trial #4: FAIL (reward=0.00)
Task #45 Trial #4: FAIL (reward=0.00)
Task #47 Trial #4: FAIL (reward=0.80)
Task #50 Trial #4: FAIL (reward=0.00)
Task #51 Trial #4: FAIL (reward=0.00)
Task #55 Trial #4: FAIL (reward=0.00)
Task #58 Trial #4: FAIL (reward=0.00)
Task #60 Trial #4: FAIL (reward=0.00)
Task #64 Trial #4: FAIL (reward=0.00)
Task #65 Trial #4: FAIL (reward=0.00)
Task #72 Trial #4: FAIL (reward=0.00)
Task #74 Trial #4: FAIL (reward=0.80)
Task #75 Trial #4: FAIL (reward=0.00)
Task #76 Trial #4: FAIL (reward=0.00)
Task #79 Trial #4: FAIL (reward=0.62)
Task #81 Trial #4: FAIL (reward=0.67)
Task #97 Trial #4: FAIL (reward=0.00)
Task #99 Trial #4: FAIL (reward=0.00)
Task #109 Trial #4: FAIL (reward=0.00)
Task #112 Trial #4: FAIL (reward=0.00)
Task #122 Trial #4: FAIL (reward=-0.67)
Task #124 Trial #4: FAIL (reward=0.00)
Task #127 Trial #4: FAIL (reward=0.33)
Task #134 Trial #4: FAIL (reward=0.00)
Task #135 Trial #4: FAIL (reward=0.62)
Task #137 Trial #4: FAIL (reward=0.00)
Task #139 Trial #4: FAIL (reward=0.00)
Task #140 Trial #4: FAIL (reward=-0.07)
Task #145 Trial #4: FAIL (reward=0.00)
Task #154 Trial #4: FAIL (reward=0.00)
Task #160 Trial #4: FAIL (reward=0.00)
Task #164 Trial #4: FAIL (reward=0.60)
Task #165 Trial #4: FAIL (reward=0.64)
Task #166 Trial #4: FAIL (reward=0.00)
Task #176 Trial #4: FAIL (reward=0.00)
Task #177 Trial #4: FAIL (reward=0.21)
Task #188 Trial #4: FAIL (reward=0.00)
Task #190 Trial #4: FAIL (reward=0.00)
Task #198 Trial #4: FAIL (reward=0.10)
Task #201 Trial #4: FAIL (reward=0.00)
Task #202 Trial #4: FAIL (reward=0.00)
Task #204 Trial #4: FAIL (reward=0.26)
Task #207 Trial #4: FAIL (reward=0.00)
Task #212 Trial #4: SUCCESS (reward=1.00)
Task #214 Trial #4: FAIL (reward=0.00)
Task #222 Trial #4: FAIL (reward=0.10)
Task #236 Trial #4: FAIL (reward=0.00)
Task #242 Trial #4: FAIL (reward=0.00)
Task #243 Trial #4: FAIL (reward=0.00)
Task #255 Trial #4: FAIL (reward=0.00)
Task #258 Trial #4: FAIL (reward=0.00)
Task #261 Trial #4: FAIL (reward=0.00)
Task #265 Trial #4: FAIL (reward=0.00)
Task #266 Trial #4: SUCCESS (reward=1.00)
Task #269 Trial #4: FAIL (reward=0.00)
Task #272 Trial #4: FAIL (reward=0.00)
Task #275 Trial #4: SUCCESS (reward=1.00)
Task #277 Trial #4: FAIL (reward=0.00)
Task #283 Trial #4: FAIL (reward=0.00)
Task #289 Trial #4: FAIL (reward=0.00)
Task #293 Trial #4: SUCCESS (reward=1.00)
Task #298 Trial #4: SUCCESS (reward=1.00)
Task #299 Trial #4: FAIL (reward=0.00)
Task #301 Trial #4: FAIL (reward=0.67)
Task #302 Trial #4: FAIL (reward=0.00)
Task #307 Trial #4: FAIL (reward=0.00)
Task #308 Trial #4: FAIL (reward=0.00)
Task #311 Trial #4: FAIL (reward=0.00)
Task #319 Trial #4: FAIL (reward=0.00)
Task #321 Trial #4: FAIL (reward=0.00)
Task #323 Trial #4: FAIL (reward=0.00)
Task #324 Trial #4: FAIL (reward=0.50)
Task #338 Trial #4: FAIL (reward=0.00)
Task #342 Trial #4: FAIL (reward=0.00)
Task #344 Trial #4: FAIL (reward=0.00)
Task #347 Trial #4: FAIL (reward=0.00)
Task #349 Trial #4: FAIL (reward=0.00)
Task #350 Trial #4: FAIL (reward=0.00)
Task #352 Trial #4: FAIL (reward=0.00)
Task #353 Trial #4: FAIL (reward=0.00)
Task #354 Trial #4: FAIL (reward=0.00)
Task #358 Trial #4: FAIL (reward=0.00)
Task #370 Trial #4: FAIL (reward=0.00)
Task #372 Trial #4: FAIL (reward=0.00)
Task #377 Trial #4: FAIL (reward=0.00)
Task #379 Trial #4: FAIL (reward=0.00)
Task #383 Trial #4: FAIL (reward=0.00)
Task #384 Trial #4: FAIL (reward=0.00)
Task #385 Trial #4: FAIL (reward=0.00)
Task #387 Trial #4: FAIL (reward=0.88)
Task #388 Trial #4: FAIL (reward=0.00)
Task #396 Trial #4: FAIL (reward=0.00)
Task #399 Trial #4: FAIL (reward=0.00)
Task #409 Trial #4: FAIL (reward=0.21)
Task #410 Trial #4: FAIL (reward=0.00)
Task #416 Trial #4: FAIL (reward=0.00)
Task #418 Trial #4: FAIL (reward=0.00)
Task #425 Trial #4: FAIL (reward=0.88)
Task #427 Trial #4: FAIL (reward=0.00)
Task #430 Trial #4: FAIL (reward=0.97)
Task #436 Trial #4: FAIL (reward=0.12)
Task #437 Trial #4: FAIL (reward=0.00)
Task #446 Trial #4: FAIL (reward=0.00)
Task #450 Trial #4: FAIL (reward=0.33)
Task #453 Trial #4: SUCCESS (reward=1.00)
Task #457 Trial #4: FAIL (reward=0.00)
Task #464 Trial #4: FAIL (reward=-0.67)
Task #467 Trial #4: FAIL (reward=0.00)
Task #469 Trial #4: FAIL (reward=0.00)
Task #476 Trial #4: FAIL (reward=0.00)
Task #478 Trial #4: FAIL (reward=0.00)
Task #485 Trial #4: FAIL (reward=0.00)
Task #488 Trial #4: FAIL (reward=0.00)
Task #495 Trial #4: FAIL (reward=0.07)
Task #496 Trial #4: FAIL (reward=0.71)
Task #499 Trial #4: FAIL (reward=0.00)
Task #501 Trial #4: FAIL (reward=0.00)
Task #504 Trial #4: FAIL (reward=0.00)
Task #505 Trial #4: FAIL (reward=0.00)
-----
SUCCESS: 392
FAIL: 124
TOTAL: 516
ACCURACY: 0.76

***** End Trial #4 *****



***** Start Trial #5 *****

Task #4 Trial #5: SUCCESS (reward=1.00)
Task #9 Trial #5: FAIL (reward=0.00)
Task #10 Trial #5: FAIL (reward=0.00)
Task #12 Trial #5: FAIL (reward=0.00)
Task #13 Trial #5: FAIL (reward=0.29)
Task #14 Trial #5: FAIL (reward=0.00)
Task #19 Trial #5: FAIL (reward=0.00)
Task #27 Trial #5: FAIL (reward=0.00)
Task #30 Trial #5: FAIL (reward=0.00)
Task #32 Trial #5: FAIL (reward=0.00)
Task #39 Trial #5: FAIL (reward=0.00)
Task #40 Trial #5: FAIL (reward=0.00)
Task #45 Trial #5: FAIL (reward=0.00)
Task #47 Trial #5: FAIL (reward=0.80)
Task #50 Trial #5: FAIL (reward=0.00)
Task #51 Trial #5: FAIL (reward=0.00)
Task #55 Trial #5: FAIL (reward=0.00)
Task #58 Trial #5: FAIL (reward=0.00)
Task #60 Trial #5: FAIL (reward=0.00)
Task #64 Trial #5: FAIL (reward=0.00)
Task #65 Trial #5: FAIL (reward=0.00)
Task #72 Trial #5: FAIL (reward=0.00)
Task #74 Trial #5: FAIL (reward=0.80)
Task #75 Trial #5: FAIL (reward=0.00)
Task #76 Trial #5: FAIL (reward=0.00)
Task #79 Trial #5: FAIL (reward=0.62)
Task #81 Trial #5: FAIL (reward=0.67)
Task #97 Trial #5: FAIL (reward=0.00)
Task #99 Trial #5: FAIL (reward=0.00)
Task #109 Trial #5: FAIL (reward=0.00)
Task #112 Trial #5: FAIL (reward=0.00)
Task #122 Trial #5: FAIL (reward=-0.67)
Task #124 Trial #5: FAIL (reward=0.00)
Task #127 Trial #5: FAIL (reward=0.33)
Task #134 Trial #5: FAIL (reward=0.00)
Task #135 Trial #5: FAIL (reward=0.62)
Task #137 Trial #5: FAIL (reward=0.00)
Task #139 Trial #5: FAIL (reward=0.00)
Task #140 Trial #5: FAIL (reward=-0.07)
Task #145 Trial #5: FAIL (reward=0.00)
Task #154 Trial #5: FAIL (reward=0.00)
Task #160 Trial #5: FAIL (reward=0.00)
Task #164 Trial #5: FAIL (reward=0.60)
Task #165 Trial #5: FAIL (reward=0.64)
Task #166 Trial #5: SUCCESS (reward=1.00)
Task #176 Trial #5: FAIL (reward=0.00)
Task #177 Trial #5: FAIL (reward=0.21)
Task #188 Trial #5: FAIL (reward=0.00)
Task #190 Trial #5: FAIL (reward=0.00)
Task #198 Trial #5: FAIL (reward=0.10)
Task #201 Trial #5: FAIL (reward=0.00)
Task #202 Trial #5: FAIL (reward=0.00)
Task #204 Trial #5: FAIL (reward=0.26)
Task #207 Trial #5: FAIL (reward=0.00)
Task #214 Trial #5: FAIL (reward=0.00)
Task #222 Trial #5: FAIL (reward=0.10)
Task #236 Trial #5: FAIL (reward=0.00)
Task #242 Trial #5: FAIL (reward=0.00)
Task #243 Trial #5: FAIL (reward=0.00)
Task #255 Trial #5: FAIL (reward=0.00)
Task #258 Trial #5: FAIL (reward=0.00)
Task #261 Trial #5: FAIL (reward=0.00)
Task #265 Trial #5: FAIL (reward=0.00)
Task #269 Trial #5: FAIL (reward=0.00)
Task #272 Trial #5: FAIL (reward=0.00)
Task #277 Trial #5: FAIL (reward=0.00)
Task #283 Trial #5: FAIL (reward=0.00)
Task #289 Trial #5: FAIL (reward=0.00)
Task #299 Trial #5: FAIL (reward=0.00)
Task #301 Trial #5: FAIL (reward=0.67)
Task #302 Trial #5: FAIL (reward=0.00)
Task #307 Trial #5: FAIL (reward=0.00)
Task #308 Trial #5: FAIL (reward=0.00)
Task #311 Trial #5: FAIL (reward=0.00)
Task #319 Trial #5: FAIL (reward=0.00)
Task #321 Trial #5: FAIL (reward=0.00)
Task #323 Trial #5: FAIL (reward=0.00)
Task #324 Trial #5: FAIL (reward=0.50)
Task #338 Trial #5: FAIL (reward=0.00)
Task #342 Trial #5: FAIL (reward=0.00)
Task #344 Trial #5: FAIL (reward=0.00)
Task #347 Trial #5: FAIL (reward=0.00)
Task #349 Trial #5: FAIL (reward=0.00)
Task #350 Trial #5: FAIL (reward=0.00)
Task #352 Trial #5: FAIL (reward=0.00)
Task #353 Trial #5: FAIL (reward=0.00)
Task #354 Trial #5: FAIL (reward=0.00)
Task #358 Trial #5: FAIL (reward=0.00)
Task #370 Trial #5: FAIL (reward=0.00)
Task #372 Trial #5: FAIL (reward=0.00)
Task #377 Trial #5: FAIL (reward=0.00)
Task #379 Trial #5: FAIL (reward=0.00)
Task #383 Trial #5: FAIL (reward=0.00)
Task #384 Trial #5: FAIL (reward=0.00)
Task #385 Trial #5: FAIL (reward=0.00)
Task #387 Trial #5: FAIL (reward=0.88)
Task #388 Trial #5: FAIL (reward=0.00)
Task #396 Trial #5: FAIL (reward=0.00)
Task #399 Trial #5: FAIL (reward=0.00)
Task #409 Trial #5: FAIL (reward=0.21)
Task #410 Trial #5: FAIL (reward=0.00)
Task #416 Trial #5: FAIL (reward=0.00)
Task #418 Trial #5: FAIL (reward=0.00)
Task #425 Trial #5: FAIL (reward=0.88)
Task #427 Trial #5: FAIL (reward=0.00)
Task #430 Trial #5: FAIL (reward=0.97)
Task #436 Trial #5: FAIL (reward=0.12)
Task #437 Trial #5: FAIL (reward=0.00)
Task #446 Trial #5: FAIL (reward=0.00)
Task #450 Trial #5: FAIL (reward=0.33)
Task #457 Trial #5: FAIL (reward=0.00)
Task #464 Trial #5: FAIL (reward=-0.67)
Task #467 Trial #5: FAIL (reward=0.00)
Task #469 Trial #5: FAIL (reward=0.00)
Task #476 Trial #5: FAIL (reward=0.00)
Task #478 Trial #5: FAIL (reward=0.00)
Task #485 Trial #5: FAIL (reward=0.00)
Task #488 Trial #5: FAIL (reward=0.00)
Task #495 Trial #5: FAIL (reward=0.07)
Task #496 Trial #5: FAIL (reward=0.71)
Task #499 Trial #5: FAIL (reward=0.00)
Task #501 Trial #5: SUCCESS (reward=1.00)
Task #504 Trial #5: FAIL (reward=0.00)
Task #505 Trial #5: FAIL (reward=0.00)
-----
SUCCESS: 395
FAIL: 121
TOTAL: 516
ACCURACY: 0.77

***** End Trial #5 *****



***** Start Trial #6 *****

Task #9 Trial #6: FAIL (reward=0.00)
Task #10 Trial #6: FAIL (reward=0.00)
Task #12 Trial #6: FAIL (reward=0.00)
Task #13 Trial #6: FAIL (reward=0.29)
Task #14 Trial #6: FAIL (reward=0.00)
Task #19 Trial #6: FAIL (reward=0.00)
Task #27 Trial #6: FAIL (reward=0.00)
Task #30 Trial #6: FAIL (reward=0.00)
Task #32 Trial #6: FAIL (reward=0.00)
Task #39 Trial #6: FAIL (reward=0.00)
Task #40 Trial #6: FAIL (reward=0.00)
Task #45 Trial #6: FAIL (reward=0.00)
Task #47 Trial #6: FAIL (reward=0.80)
Task #50 Trial #6: FAIL (reward=0.00)
Task #51 Trial #6: FAIL (reward=0.00)
Task #55 Trial #6: FAIL (reward=0.00)
Task #58 Trial #6: FAIL (reward=0.00)
Task #60 Trial #6: FAIL (reward=0.00)
Task #64 Trial #6: FAIL (reward=0.00)
Task #65 Trial #6: FAIL (reward=0.00)
Task #72 Trial #6: FAIL (reward=0.00)
Task #74 Trial #6: FAIL (reward=0.80)
Task #75 Trial #6: FAIL (reward=0.00)
Task #76 Trial #6: FAIL (reward=0.00)
Task #79 Trial #6: FAIL (reward=0.62)
Task #81 Trial #6: FAIL (reward=0.67)
Task #97 Trial #6: FAIL (reward=0.00)
Task #99 Trial #6: FAIL (reward=0.00)
Task #109 Trial #6: FAIL (reward=0.00)
Task #112 Trial #6: FAIL (reward=0.00)
Task #122 Trial #6: FAIL (reward=-0.67)
Task #124 Trial #6: FAIL (reward=0.00)
Task #127 Trial #6: FAIL (reward=0.33)
Task #134 Trial #6: FAIL (reward=0.00)
Task #135 Trial #6: FAIL (reward=0.62)
Task #137 Trial #6: FAIL (reward=0.00)
Task #139 Trial #6: FAIL (reward=0.00)
Task #140 Trial #6: FAIL (reward=-0.07)
Task #145 Trial #6: FAIL (reward=0.00)
Task #154 Trial #6: FAIL (reward=0.00)
Task #160 Trial #6: FAIL (reward=0.00)
Task #164 Trial #6: FAIL (reward=0.60)
Task #165 Trial #6: FAIL (reward=0.64)
Task #176 Trial #6: FAIL (reward=0.00)
Task #177 Trial #6: FAIL (reward=0.21)
Task #188 Trial #6: FAIL (reward=0.00)
Task #190 Trial #6: FAIL (reward=0.00)
Task #198 Trial #6: FAIL (reward=0.10)
Task #201 Trial #6: FAIL (reward=0.00)
Task #202 Trial #6: FAIL (reward=0.00)
Task #204 Trial #6: FAIL (reward=0.26)
Task #207 Trial #6: FAIL (reward=0.00)
Task #214 Trial #6: FAIL (reward=0.00)
Task #222 Trial #6: FAIL (reward=0.10)
Task #236 Trial #6: FAIL (reward=0.00)
Task #242 Trial #6: FAIL (reward=0.00)
Task #243 Trial #6: FAIL (reward=0.00)
Task #255 Trial #6: FAIL (reward=0.00)
Task #258 Trial #6: FAIL (reward=0.00)
Task #261 Trial #6: FAIL (reward=0.00)
Task #265 Trial #6: FAIL (reward=0.00)
Task #269 Trial #6: FAIL (reward=0.00)
Task #272 Trial #6: FAIL (reward=0.00)
Task #277 Trial #6: FAIL (reward=0.00)
Task #283 Trial #6: FAIL (reward=0.00)
Task #289 Trial #6: FAIL (reward=0.00)
Task #299 Trial #6: FAIL (reward=0.00)
Task #301 Trial #6: FAIL (reward=0.67)
Task #302 Trial #6: FAIL (reward=0.00)
Task #307 Trial #6: FAIL (reward=0.00)
Task #308 Trial #6: FAIL (reward=0.00)
Task #311 Trial #6: FAIL (reward=0.00)
Task #319 Trial #6: FAIL (reward=0.00)
Task #321 Trial #6: FAIL (reward=0.00)
Task #323 Trial #6: SUCCESS (reward=1.00)
Task #324 Trial #6: FAIL (reward=0.50)
Task #338 Trial #6: FAIL (reward=0.00)
Task #342 Trial #6: FAIL (reward=0.00)
Task #344 Trial #6: FAIL (reward=0.00)
Task #347 Trial #6: FAIL (reward=0.00)
Task #349 Trial #6: FAIL (reward=0.00)
Task #350 Trial #6: FAIL (reward=0.00)
Task #352 Trial #6: FAIL (reward=0.00)
Task #353 Trial #6: FAIL (reward=0.00)
Task #354 Trial #6: FAIL (reward=0.00)
Task #358 Trial #6: FAIL (reward=0.00)
Task #370 Trial #6: FAIL (reward=0.00)
Task #372 Trial #6: FAIL (reward=0.00)
Task #377 Trial #6: FAIL (reward=0.00)
Task #379 Trial #6: FAIL (reward=0.00)
Task #383 Trial #6: FAIL (reward=0.00)
Task #384 Trial #6: FAIL (reward=0.00)
Task #385 Trial #6: FAIL (reward=0.00)
Task #387 Trial #6: FAIL (reward=0.88)
Task #388 Trial #6: FAIL (reward=0.00)
Task #396 Trial #6: FAIL (reward=0.00)
Task #399 Trial #6: FAIL (reward=0.00)
Task #409 Trial #6: FAIL (reward=0.21)
Task #410 Trial #6: FAIL (reward=0.00)
Task #416 Trial #6: FAIL (reward=0.00)
Task #418 Trial #6: FAIL (reward=0.00)
Task #425 Trial #6: FAIL (reward=0.88)
Task #427 Trial #6: FAIL (reward=0.00)
Task #430 Trial #6: FAIL (reward=0.97)
Task #436 Trial #6: FAIL (reward=0.12)
Task #437 Trial #6: FAIL (reward=0.00)
Task #446 Trial #6: FAIL (reward=0.00)
Task #450 Trial #6: FAIL (reward=0.33)
Task #457 Trial #6: FAIL (reward=0.00)
Task #464 Trial #6: FAIL (reward=-0.67)
Task #467 Trial #6: FAIL (reward=0.00)
Task #469 Trial #6: FAIL (reward=0.00)
Task #476 Trial #6: FAIL (reward=0.00)
Task #478 Trial #6: FAIL (reward=0.00)
Task #485 Trial #6: FAIL (reward=0.00)
Task #488 Trial #6: FAIL (reward=0.00)
Task #495 Trial #6: FAIL (reward=0.07)
Task #496 Trial #6: FAIL (reward=0.71)
Task #499 Trial #6: FAIL (reward=0.00)
Task #504 Trial #6: FAIL (reward=0.00)
Task #505 Trial #6: FAIL (reward=0.00)
-----
SUCCESS: 396
FAIL: 120
TOTAL: 516
ACCURACY: 0.77

***** End Trial #6 *****
