\BOOKMARK [1][-]{section.1}{\376\377\000I\000n\000t\000r\000o\000d\000u\000c\000t\000i\000o\000n}{}% 1
\BOOKMARK [1][-]{section.2}{\376\377\000R\000e\000l\000a\000t\000e\000d\000\040\000W\000o\000r\000k}{}% 2
\BOOKMARK [1][-]{section.3}{\376\377\000M\000e\000t\000h\000o\000d\000o\000l\000o\000g\000y}{}% 3
\BOOKMARK [2][-]{subsection.3.1}{\376\377\000E\000n\000v\000i\000r\000o\000n\000m\000e\000n\000t\000s}{section.3}% 4
\BOOKMARK [2][-]{subsection.3.2}{\376\377\000B\000a\000s\000e\000\040\000A\000g\000e\000n\000t\000:\000\040\000R\000e\000A\000c\000t}{section.3}% 5
\BOOKMARK [2][-]{subsection.3.3}{\376\377\000M\000e\000m\000o\000r\000y\000\040\000S\000y\000s\000t\000e\000m\000s}{section.3}% 6
\BOOKMARK [3][-]{subsubsection.3.3.1}{\376\377\000K\000n\000o\000w\000l\000e\000d\000g\000e\000\040\000B\000a\000s\000e\000\040\000C\000o\000n\000s\000t\000r\000u\000c\000t\000i\000o\000n}{subsection.3.3}% 7
\BOOKMARK [3][-]{subsubsection.3.3.2}{\376\377\000C\000o\000n\000t\000e\000x\000t\000\040\000R\000e\000t\000r\000i\000e\000v\000a\000l\000\040\000\050\000C\000R\000\051}{subsection.3.3}% 8
\BOOKMARK [3][-]{subsubsection.3.3.3}{\376\377\000T\000o\000o\000l\000\040\000R\000e\000t\000r\000i\000e\000v\000a\000l\000\040\000\050\000T\000R\000\051}{subsection.3.3}% 9
\BOOKMARK [3][-]{subsubsection.3.3.4}{\376\377\000H\000a\000r\000d\000\040\000N\000e\000g\000a\000t\000i\000v\000e\000\040\000C\000o\000n\000t\000r\000o\000l}{subsection.3.3}% 10
\BOOKMARK [2][-]{subsection.3.4}{\376\377\000R\000e\000f\000l\000e\000x\000i\000o\000n\000\040\000f\000o\000r\000\040\000K\000B\000\040\000C\000o\000n\000s\000t\000r\000u\000c\000t\000i\000o\000n}{section.3}% 11
\BOOKMARK [1][-]{section.4}{\376\377\000E\000x\000p\000e\000r\000i\000m\000e\000n\000t\000a\000l\000\040\000S\000e\000t\000u\000p}{}% 12
\BOOKMARK [1][-]{section.5}{\376\377\000R\000e\000s\000u\000l\000t\000s}{}% 13
\BOOKMARK [2][-]{subsection.5.1}{\376\377\000A\000L\000F\000W\000o\000r\000l\000d\000:\000\040\000P\000o\000s\000i\000t\000i\000v\000e\000\040\000T\000r\000a\000n\000s\000f\000e\000r}{section.5}% 14
\BOOKMARK [2][-]{subsection.5.2}{\376\377\000S\000Q\000L\000:\000\040\000N\000a\000r\000r\000o\000w\000\040\000T\000r\000a\000n\000s\000f\000e\000r}{section.5}% 15
\BOOKMARK [2][-]{subsection.5.3}{\376\377\000S\000c\000i\000e\000n\000c\000e\000W\000o\000r\000l\000d\000:\000\040\000D\000i\000a\000g\000n\000o\000s\000t\000i\000c\000\040\000N\000e\000g\000a\000t\000i\000v\000e\000\040\000E\000v\000i\000d\000e\000n\000c\000e}{section.5}% 16
\BOOKMARK [2][-]{subsection.5.4}{\376\377\000U\000s\000a\000g\000e\000,\000\040\000C\000o\000s\000t\000,\000\040\000a\000n\000d\000\040\000P\000a\000i\000r\000e\000d\000\040\000D\000e\000l\000t\000a\000s}{section.5}% 17
\BOOKMARK [1][-]{section.6}{\376\377\000A\000n\000a\000l\000y\000s\000i\000s\000\040\000a\000n\000d\000\040\000D\000i\000s\000c\000u\000s\000s\000i\000o\000n}{}% 18
\BOOKMARK [2][-]{subsection.6.1}{\376\377\000T\000a\000s\000k\000\040\000C\000o\000m\000p\000o\000s\000i\000t\000i\000o\000n\000a\000l\000i\000t\000y}{section.6}% 19
\BOOKMARK [2][-]{subsection.6.2}{\376\377\000A\000c\000t\000i\000o\000n\000\040\000S\000p\000a\000c\000e\000\040\000R\000e\000g\000u\000l\000a\000r\000i\000t\000y}{section.6}% 20
\BOOKMARK [2][-]{subsection.6.3}{\376\377\000L\000e\000a\000r\000n\000i\000n\000g\000\040\000T\000r\000a\000n\000s\000f\000e\000r\000\040\000R\000a\000d\000i\000u\000s}{section.6}% 21
\BOOKMARK [2][-]{subsection.6.4}{\376\377\000W\000h\000y\000\040\000H\000a\000r\000d\000-\000N\000e\000g\000a\000t\000i\000v\000e\000\040\000C\000o\000n\000t\000r\000o\000l\000s\000\040\000M\000a\000t\000t\000e\000r}{section.6}% 22
\BOOKMARK [2][-]{subsection.6.5}{\376\377\000D\000i\000a\000g\000n\000o\000s\000t\000i\000c\000\040\000F\000r\000a\000m\000e\000w\000o\000r\000k}{section.6}% 23
\BOOKMARK [1][-]{section.7}{\376\377\000L\000i\000m\000i\000t\000a\000t\000i\000o\000n\000s}{}% 24
\BOOKMARK [1][-]{section.8}{\376\377\000C\000o\000n\000c\000l\000u\000s\000i\000o\000n}{}% 25
\BOOKMARK [1][-]{appendix.A}{\376\377\000R\000e\000t\000r\000i\000e\000v\000a\000l\000\040\000A\000l\000g\000o\000r\000i\000t\000h\000m\000s}{}% 26
\BOOKMARK [1][-]{appendix.B}{\376\377\000K\000n\000o\000w\000l\000e\000d\000g\000e\000\040\000B\000a\000s\000e\000\040\000S\000c\000h\000e\000m\000a}{}% 27
\BOOKMARK [1][-]{appendix.C}{\376\377\000E\000x\000p\000e\000r\000i\000m\000e\000n\000t\000a\000l\000\040\000D\000e\000t\000a\000i\000l\000s}{}% 28
\BOOKMARK [2][-]{subsection.C.1}{\376\377\000D\000a\000t\000a\000s\000e\000t\000\040\000S\000t\000a\000t\000i\000s\000t\000i\000c\000s}{appendix.C}% 29
\BOOKMARK [2][-]{subsection.C.2}{\376\377\000F\000r\000a\000m\000e\000w\000o\000r\000k\000\040\000V\000a\000r\000i\000a\000n\000t\000s}{appendix.C}% 30
\BOOKMARK [2][-]{subsection.C.3}{\376\377\000E\000v\000a\000l\000u\000a\000t\000i\000o\000n\000\040\000M\000e\000t\000r\000i\000c\000s}{appendix.C}% 31
\BOOKMARK [2][-]{subsection.C.4}{\376\377\000H\000y\000p\000e\000r\000p\000a\000r\000a\000m\000e\000t\000e\000r\000s}{appendix.C}% 32
\BOOKMARK [2][-]{subsection.C.5}{\376\377\000I\000m\000p\000l\000e\000m\000e\000n\000t\000a\000t\000i\000o\000n\000\040\000D\000e\000t\000a\000i\000l\000s}{appendix.C}% 33
\BOOKMARK [1][-]{appendix.D}{\376\377\000D\000i\000a\000g\000n\000o\000s\000t\000i\000c\000\040\000G\000a\000t\000e\000s\000\040\000N\000o\000t\000\040\000P\000r\000o\000m\000o\000t\000e\000d\000\040\000t\000o\000\040\000H\000e\000a\000d\000l\000i\000n\000e\000\040\000R\000e\000s\000u\000l\000t\000s}{}% 34
